2026/10/07 02:17:40 WARNING dspy.primitives.base_module: There is a mismatch of dspy version between saved model and current environment. You saved with `dspy==3.1.3`, but now you have `dspy==3.2.1`. This might cause errors or performance downgrade on the loaded model, please consider loading the model in the same environment as the saving environment.
2026-10-07 02:17:41,056 [INFO] Loading MeTTa library from /deps/PeTTaChainer/pettachainer/metta/petta_chainer.metta
Not specialized DistMap2Formula_Spec_[+]/4
Not specialized DistMapFormula_Spec_[partial(lambda_12,[_57688])]/3
2026/10/07 02:17:42 WARNING dspy.predict.predict: Input contains fields not in signature. These fields will be ignored: ['pln_spec']. Expected fields: ['sentences', 'context'].
LEARN pilot-01 S01: success, atoms=0, rejected=1
2026/10/07 02:18:13 WARNING dspy.predict.predict: Input contains fields not in signature. These fields will be ignored: ['pln_spec']. Expected fields: ['sentences', 'context'].
LEARN pilot-01 S02: success, atoms=1, rejected=0
2026/10/07 02:18:32 WARNING dspy.predict.predict: Input contains fields not in signature. These fields will be ignored: ['pln_spec']. Expected fields: ['sentences', 'context'].
LEARN pilot-01 S03: success, atoms=1, rejected=0
2026/10/07 02:18:58 WARNING dspy.predict.predict: Input contains fields not in signature. These fields will be ignored: ['pln_spec']. Expected fields: ['sentences', 'context'].
2026/10/07 02:19:40 WARNING dspy.clients.lm: LM response was truncated due to exceeding max_tokens=2000. You can inspect the latest LM interactions with `dspy.inspect_history()`. To avoid truncation, consider passing a larger max_tokens when setting up dspy.LM. You may also consider increasing the temperature (currently 0.0)  if the reason for truncation is repetition.
2026/10/07 02:20:00 WARNING dspy.clients.lm: LM response was truncated due to exceeding max_tokens=2000. You can inspect the latest LM interactions with `dspy.inspect_history()`. To avoid truncation, consider passing a larger max_tokens when setting up dspy.LM. You may also consider increasing the temperature (currently 0.0)  if the reason for truncation is repetition.
LEARN pilot-01 S04: success, atoms=0, rejected=1
2026/10/07 02:20:00 WARNING dspy.predict.predict: Input contains fields not in signature. These fields will be ignored: ['pln_spec']. Expected fields: ['sentences', 'context'].
LEARN pilot-01 S05: success, atoms=1, rejected=0
2026/10/07 02:20:41 WARNING dspy.predict.predict: Input contains fields not in signature. These fields will be ignored: ['pln_spec']. Expected fields: ['sentences', 'context'].
LEARN pilot-01 S06: success, atoms=1, rejected=0
2026/10/07 02:21:05 WARNING dspy.predict.predict: Input contains fields not in signature. These fields will be ignored: ['pln_spec']. Expected fields: ['sentences', 'context'].
LEARN pilot-01 S07: success, atoms=1, rejected=0
2026/10/07 02:21:17 WARNING dspy.predict.predict: Input contains fields not in signature. These fields will be ignored: ['pln_spec']. Expected fields: ['sentences', 'context'].
LEARN pilot-01 S08: success, atoms=1, rejected=0
2026/10/07 02:21:39 WARNING dspy.predict.predict: Input contains fields not in signature. These fields will be ignored: ['pln_spec']. Expected fields: ['sentences', 'context'].
LEARN pilot-01 S09: success, atoms=1, rejected=0
2026/10/07 02:22:05 WARNING dspy.predict.predict: Input contains fields not in signature. These fields will be ignored: ['pln_spec']. Expected fields: ['sentences', 'context'].
LEARN pilot-01 S10: success, atoms=1, rejected=0
2026/10/07 02:22:43 WARNING dspy.predict.predict: Input contains fields not in signature. These fields will be ignored: ['pln_spec']. Expected fields: ['sentences', 'context'].
LEARN pilot-01 S11: success, atoms=1, rejected=0
2026/10/07 02:23:05 WARNING dspy.predict.predict: Input contains fields not in signature. These fields will be ignored: ['pln_spec']. Expected fields: ['sentences', 'context'].
LEARN pilot-01 S12: success, atoms=1, rejected=0
